============================= test session starts =============================
platform win32 -- Python 3.12.6, pytest-9.0.1, pluggy-1.6.0
rootdir: C:\Users\hobo\Desktop\Proxion\proxion-keyring
plugins: anyio-4.12.0, hypothesis-6.98.11
collected 67 items / 1 error

=================================== ERRORS ====================================
____________________ ERROR collecting tests/test_rs_app.py ____________________
ImportError while importing test module 'C:\Users\hobo\Desktop\Proxion\proxion-keyring\tests\test_rs_app.py'.
Hint: make sure your test modules/packages have valid Python names.
Traceback:
C:\Python312\Lib\importlib\__init__.py:90: in import_module
    return _bootstrap._gcd_import(name[level:], package, level)
           ^^^^^^^^^^^^^^^^^^^^^^^^^^^^^^^^^^^^^^^^^^^^^^^^^^^^
tests\test_rs_app.py:10: in <module>
    from rs.server import app, SERIALIZER, SIGNING_KEY
E   ImportError: cannot import name 'SIGNING_KEY' from 'rs.server' (C:\Users\hobo\Desktop\Proxion\proxion-keyring\rs\server.py)
============================== warnings summary ===============================
..\..\..\AppData\Roaming\Python\Python312\site-packages\werkzeug\routing\rules.py:726
..\..\..\AppData\Roaming\Python\Python312\site-packages\werkzeug\routing\rules.py:726
..\..\..\AppData\Roaming\Python\Python312\site-packages\werkzeug\routing\rules.py:726
..\..\..\AppData\Roaming\Python\Python312\site-packages\werkzeug\routing\rules.py:726
..\..\..\AppData\Roaming\Python\Python312\site-packages\werkzeug\routing\rules.py:726
..\..\..\AppData\Roaming\Python\Python312\site-packages\werkzeug\routing\rules.py:726
..\..\..\AppData\Roaming\Python\Python312\site-packages\werkzeug\routing\rules.py:726
  C:\Users\hobo\AppData\Roaming\Python\Python312\site-packages\werkzeug\routing\rules.py:726: DeprecationWarning: ast.Str is deprecated and will be removed in Python 3.14; use ast.Constant instead
    parts = parts or [ast.Str("")]

..\..\..\AppData\Roaming\Python\Python312\site-packages\werkzeug\routing\rules.py:723: 14 warnings
  C:\Users\hobo\AppData\Roaming\Python\Python312\site-packages\werkzeug\routing\rules.py:723: DeprecationWarning: ast.Str is deprecated and will be removed in Python 3.14; use ast.Constant instead
    _convert(elem) if is_dynamic else ast.Str(s=elem)

..\..\..\..\..\Python312\Lib\ast.py:587: 14 warnings
  C:\Python312\Lib\ast.py:587: DeprecationWarning: Attribute s is deprecated and will be removed in Python 3.14; use value instead
    return Constant(*args, **kwargs)

..\..\..\AppData\Roaming\Python\Python312\site-packages\werkzeug\routing\rules.py:730: 18 warnings
  C:\Users\hobo\AppData\Roaming\Python\Python312\site-packages\werkzeug\routing\rules.py:730: DeprecationWarning: ast.Str is deprecated and will be removed in Python 3.14; use ast.Constant instead
    if isinstance(p, ast.Str) and isinstance(ret[-1], ast.Str):

..\..\..\AppData\Roaming\Python\Python312\site-packages\werkzeug\routing\rules.py:731: 16 warnings
  C:\Users\hobo\AppData\Roaming\Python\Python312\site-packages\werkzeug\routing\rules.py:731: DeprecationWarning: Attribute s is deprecated and will be removed in Python 3.14; use value instead
    ret[-1] = ast.Str(ret[-1].s + p.s)

..\..\..\AppData\Roaming\Python\Python312\site-packages\werkzeug\routing\rules.py:731
..\..\..\AppData\Roaming\Python\Python312\site-packages\werkzeug\routing\rules.py:731
..\..\..\AppData\Roaming\Python\Python312\site-packages\werkzeug\routing\rules.py:731
..\..\..\AppData\Roaming\Python\Python312\site-packages\werkzeug\routing\rules.py:731
..\..\..\AppData\Roaming\Python\Python312\site-packages\werkzeug\routing\rules.py:731
..\..\..\AppData\Roaming\Python\Python312\site-packages\werkzeug\routing\rules.py:731
..\..\..\AppData\Roaming\Python\Python312\site-packages\werkzeug\routing\rules.py:731
..\..\..\AppData\Roaming\Python\Python312\site-packages\werkzeug\routing\rules.py:731
  C:\Users\hobo\AppData\Roaming\Python\Python312\site-packages\werkzeug\routing\rules.py:731: DeprecationWarning: ast.Str is deprecated and will be removed in Python 3.14; use ast.Constant instead
    ret[-1] = ast.Str(ret[-1].s + p.s)

-- Docs: https://docs.pytest.org/en/stable/how-to/capture-warnings.html
=========================== short test summary info ===========================
ERROR tests/test_rs_app.py
!!!!!!!!!!!!!!!!!!! Interrupted: 1 error during collection !!!!!!!!!!!!!!!!!!!!
======================== 77 warnings, 1 error in 1.06s ========================
